// Jest Snapshot v1, https://goo.gl/fbAQLP

exports[`runQC action Dispatches events properly 1`] = `
[
  {
    "payload": {},
    "type": "experimentSettings/startQC",
  },
]
`;

exports[`runQC action Dispatches events properly 2`] = `
[
  "http://localhost:3000/v2/experiments/experiment-id/qc",
  {
    "body": "{"processingConfigDiff":{"cellSizeDistribution":{"sample1, sample2":{"auto":true,"enabled":true,"filterSettings":{"minCellSize":10800,"binStep":200}}}}}",
    "headers": {
      "Content-Type": "application/json",
    },
    "method": "POST",
  },
]
`;

exports[`runQC action Dispatches status error if loading fails 1`] = `[]`;

exports[`runQC action Runs only the embedding if only changed filter was configureEmbedding 1`] = `
[
  {
    "payload": {},
    "type": "experimentSettings/discardChangedQCFilters",
  },
  {
    "payload": {
      "embeddingType": "umap",
    },
    "type": "embeddings/loading",
  },
]
`;
