// Jest Snapshot v1, https://goo.gl/fbAQLP

exports[`DiffExprManager regression test - diff exp would not reload after \`go back\` was hit and a new cluster selected if we then go back and change the parameters again, the new differential expression data should be loading 1`] = `
{
  "payload": {
    "advancedFilters": [],
    "experimentId": "1234",
  },
  "type": "diffExpr/loading",
}
`;

exports[`DiffExprManager regression test - diff exp would not reload after \`go back\` was hit and a new cluster selected if we then go back and change the parameters again, the new differential expression data should be loading 2`] = `
{
  "payload": {
    "comparisonGroup": {
      "basis": "scratchpad-a",
      "cellSet": "cluster-a",
      "compareWith": "cluster-b",
    },
    "comparisonType": "between",
    "data": [
      {
        "Gene": "EASAD0",
        "auc": "0.1",
        "gene_names": "A",
        "logFC": -1.427,
        "p_val": 1.496,
        "p_val_adj": 1.647,
        "pct_1": "100",
        "pct_2": "100",
      },
      {
        "Gene": "ENASD23",
        "auc": "0.2",
        "gene_names": "B",
        "logFC": -2.427,
        "p_val": 2.496,
        "p_val_adj": 2.647,
        "pct_1": "90",
        "pct_2": "90",
      },
      {
        "Gene": "EN34S",
        "auc": "0.3",
        "gene_names": "C",
        "logFC": -3.427,
        "p_val": 3.496,
        "p_val_adj": 3.647,
        "pct_1": "80",
        "pct_2": "80",
      },
      {
        "Gene": "ENSD33",
        "auc": "0.4",
        "gene_names": "D",
        "logFC": -4.427,
        "p_val": 4.496,
        "p_val_adj": 4.647,
        "pct_1": "70",
        "pct_2": "70",
      },
      {
        "Gene": "ENASD233",
        "auc": "0.5",
        "gene_names": "E",
        "logFC": -5.427,
        "p_val": 5.496,
        "p_val_adj": 5.647,
        "pct_1": "60",
        "pct_2": "60",
      },
    ],
    "experimentId": "1234",
    "total": 500,
  },
  "type": "diffExpr/loaded",
}
`;

exports[`DiffExprManager regression test - diff exp would not reload after \`go back\` was hit and a new cluster selected if we then go back and change the parameters again, the new differential expression data should be loading 3`] = `
{
  "payload": {
    "comparisonGroup": {
      "basis": "scratchpad-a",
      "cellSet": "cluster-a",
      "compareWith": "cluster-b",
    },
    "comparisonType": "between",
    "data": [
      {
        "Gene": "EASAD0",
        "auc": "0.1",
        "gene_names": "A",
        "logFC": -1.427,
        "p_val": 1.496,
        "p_val_adj": 1.647,
        "pct_1": "100",
        "pct_2": "100",
      },
      {
        "Gene": "ENASD23",
        "auc": "0.2",
        "gene_names": "B",
        "logFC": -2.427,
        "p_val": 2.496,
        "p_val_adj": 2.647,
        "pct_1": "90",
        "pct_2": "90",
      },
      {
        "Gene": "EN34S",
        "auc": "0.3",
        "gene_names": "C",
        "logFC": -3.427,
        "p_val": 3.496,
        "p_val_adj": 3.647,
        "pct_1": "80",
        "pct_2": "80",
      },
      {
        "Gene": "ENSD33",
        "auc": "0.4",
        "gene_names": "D",
        "logFC": -4.427,
        "p_val": 4.496,
        "p_val_adj": 4.647,
        "pct_1": "70",
        "pct_2": "70",
      },
      {
        "Gene": "ENASD233",
        "auc": "0.5",
        "gene_names": "E",
        "logFC": -5.427,
        "p_val": 5.496,
        "p_val_adj": 5.647,
        "pct_1": "60",
        "pct_2": "60",
      },
    ],
    "experimentId": "1234",
    "total": 500,
  },
  "type": "diffExpr/loaded",
}
`;

exports[`DiffExprManager regression test - diff exp would not reload after \`go back\` was hit and a new cluster selected if we then go back and change the parameters again, the new differential expression data should be loading 4`] = `
{
  "payload": {
    "orderBy": "logFC",
    "orderDirection": "DESC",
  },
  "type": "diffExpr/ordering",
}
`;

exports[`DiffExprManager regression test - diff exp would not reload after \`go back\` was hit and a new cluster selected on click of compute with changed parameters, DiffExprManager calls the results view and dispatches the appropriate actions 1`] = `
{
  "payload": {
    "advancedFilters": [],
    "experimentId": "1234",
  },
  "type": "diffExpr/loading",
}
`;

exports[`DiffExprManager regression test - diff exp would not reload after \`go back\` was hit and a new cluster selected on click of compute with changed parameters, DiffExprManager calls the results view and dispatches the appropriate actions 2`] = `
{
  "payload": {
    "comparisonGroup": {
      "basis": "scratchpad-a",
      "cellSet": "cluster-a",
      "compareWith": "cluster-b",
    },
    "comparisonType": "between",
    "data": [
      {
        "Gene": "EASAD0",
        "auc": "0.1",
        "gene_names": "A",
        "logFC": -1.427,
        "p_val": 1.496,
        "p_val_adj": 1.647,
        "pct_1": "100",
        "pct_2": "100",
      },
      {
        "Gene": "ENASD23",
        "auc": "0.2",
        "gene_names": "B",
        "logFC": -2.427,
        "p_val": 2.496,
        "p_val_adj": 2.647,
        "pct_1": "90",
        "pct_2": "90",
      },
      {
        "Gene": "EN34S",
        "auc": "0.3",
        "gene_names": "C",
        "logFC": -3.427,
        "p_val": 3.496,
        "p_val_adj": 3.647,
        "pct_1": "80",
        "pct_2": "80",
      },
      {
        "Gene": "ENSD33",
        "auc": "0.4",
        "gene_names": "D",
        "logFC": -4.427,
        "p_val": 4.496,
        "p_val_adj": 4.647,
        "pct_1": "70",
        "pct_2": "70",
      },
      {
        "Gene": "ENASD233",
        "auc": "0.5",
        "gene_names": "E",
        "logFC": -5.427,
        "p_val": 5.496,
        "p_val_adj": 5.647,
        "pct_1": "60",
        "pct_2": "60",
      },
    ],
    "experimentId": "1234",
    "total": 500,
  },
  "type": "diffExpr/loaded",
}
`;
