// Jest Snapshot v1, https://goo.gl/fbAQLP

exports[`loadUser action dispatches USER_LOADED when user is successfully loaded 1`] = `
{
  "user": {
    "attributes": {
      "custom:agreed_cookies_v1": "true",
      "custom:agreed_terms_v2": "true",
      "name": "Tester Testson",
    },
  },
}
`;
