// Jest Snapshot v1, https://goo.gl/fbAQLP

exports[`Share project modal Inviting users works 1`] = `undefined`;
