// Jest Snapshot v1, https://goo.gl/fbAQLP

exports[`cellSetsClusteringUpdated Sets loading and error indicators appropriately 1`] = `
{
  "error": false,
  "hidden": Set {},
  "hierarchy": [],
  "initialLoadPending": true,
  "loading": true,
  "properties": {},
  "updatingClustering": false,
}
`;
