// Jest Snapshot v1, https://goo.gl/fbAQLP

exports[`updateSamplesOptions action Error handling works 1`] = `
[
  {
    "message": "Saving sample...",
  },
  {
    "error": "We couldn't save your data.",
  },
]
`;

exports[`updateSamplesOptions action Works correctly 1`] = `
[
  {
    "message": "Saving sample...",
  },
  {
    "diff": {
      "includeAbSeq": false,
    },
    "sampleUuids": [
      "sample-1",
      "sample-2",
    ],
  },
  {
    "experimentId": "experiment-1",
  },
  {
    "experimentId": "experiment-1",
    "status": {},
  },
]
`;
