// Jest Snapshot v1, https://goo.gl/fbAQLP

exports[`updateValuesInMetadataTrack action Dispatches error when theres an error updating 1`] = `
[
  {
    "message": "Saving sample...",
  },
  {
    "error": "We couldn't save your data.",
  },
]
`;

exports[`updateValuesInMetadataTrack action Works correctly 1`] = `
[
  {
    "message": "Saving sample...",
  },
  {
    "key": "Track_1",
    "sampleUuid": "mockSampleId",
    "value": "mockNewValue",
  },
  {
    "experimentId": "mockExperimentId",
  },
  {
    "experimentId": "mockExperimentId",
    "status": {},
  },
]
`;
