// Jest Snapshot v1, https://goo.gl/fbAQLP

exports[`generateData generate spec returns the right data 1`] = `
{
  "$schema": "https://vega.github.io/schema/vega/v5.json",
  "autosize": {
    "resize": true,
    "type": "fit",
  },
  "axes": [
    {
      "gridColor": "#000000",
      "gridOpacity": 0,
      "gridWidth": 0.5,
      "labelColor": "#000000",
      "labelFont": "sans-serif",
      "labelFontSize": 12,
      "offset": 10,
      "orient": "left",
      "scale": "yscale",
      "tickColor": "#000000",
      "title": "Z-Score of Expression",
      "titleColor": "#000000",
      "titleFont": "sans-serif",
      "titleFontSize": 13,
      "titlePadding": 5,
      "zindex": 1,
    },
    {
      "encode": {
        "labels": {
          "update": {
            "text": {
              "signal": "datum.value? data('groupCfg')[0][datum.value].name : ''",
            },
          },
        },
      },
      "gridColor": "#000000",
      "gridOpacity": 0,
      "gridWidth": 0.5,
      "labelAlign": "left",
      "labelAngle": 45,
      "labelColor": "#000000",
      "labelFont": "sans-serif",
      "labelFontSize": 12,
      "offset": 10,
      "orient": "bottom",
      "scale": "layout",
      "tickColor": "#000000",
      "title": "Custom cell sets",
      "titleColor": "#000000",
      "titleFont": "sans-serif",
      "titleFontSize": 13,
      "titlePadding": 5,
      "zindex": 1,
    },
  ],
  "background": "#FFFFFF",
  "data": [
    {
      "format": {
        "copy": true,
        "type": "json",
      },
      "name": "groupCfg",
      "values": {
        "25ca1d7f-40ac-4bdc-9625-2272478e7db7": {
          "color": "#c9080a",
          "name": "New Cluster3",
        },
        "8297d513-6268-4ab0-a03e-e74a23ecec07": {
          "color": "#3957ff",
          "name": "New Cluster",
        },
        "99a7746b-7f9d-4e54-8acf-53031e4ff023": {
          "color": "#d3fe14",
          "name": "New Cluster2",
        },
        "b452c7ed-d907-4923-b7ff-fcafadc0b807": {
          "color": "#fec7f8",
          "name": "New Cluster4",
        },
      },
    },
    {
      "format": {
        "copy": true,
        "type": "json",
      },
      "name": "cells",
      "values": [
        {
          "group": "8297d513-6268-4ab0-a03e-e74a23ecec07",
          "x": 0.5561686241217735,
          "y": -0.1578865578865579,
        },
        {
          "group": "8297d513-6268-4ab0-a03e-e74a23ecec07",
          "x": 0.5683293645580038,
          "y": -0.1578865578865579,
        },
        {
          "group": "8297d513-6268-4ab0-a03e-e74a23ecec07",
          "x": 0.4433627345700756,
          "y": -0.1578865578865579,
        },
      ],
    },
    {
      "name": "density",
      "source": "cells",
      "transform": [
        {
          "bandwidth": {
            "signal": "bandwidth",
          },
          "field": "y",
          "groupby": [
            "group",
          ],
          "type": "kde",
        },
      ],
    },
    {
      "name": "stats",
      "source": "cells",
      "transform": [
        {
          "as": [
            "q1",
            "median",
            "q3",
          ],
          "fields": [
            "y",
            "y",
            "y",
          ],
          "groupby": [
            "group",
          ],
          "ops": [
            "q1",
            "median",
            "q3",
          ],
          "type": "aggregate",
        },
      ],
    },
  ],
  "description": "Violin plot",
  "height": 550,
  "legends": [
    {
      "columns": 1,
      "direction": "horizontal",
      "encode": {
        "labels": {
          "update": {
            "fill": {
              "value": "#000000",
            },
            "text": {
              "field": "label",
              "scale": "sampleToName",
            },
          },
        },
      },
      "fill": "legend",
      "labelFont": "sans-serif",
      "labelLimit": 0,
      "offset": 40,
      "orient": "right",
      "symbolSize": 100,
      "symbolType": "circle",
      "type": "symbol",
    },
  ],
  "marks": [
    {
      "clip": true,
      "data": [
        {
          "name": "summaryOfGroup",
          "source": "stats",
          "transform": [
            {
              "expr": "datum.group === parent.group",
              "type": "filter",
            },
          ],
        },
        {
          "name": "cellsInGroup",
          "source": "cells",
          "transform": [
            {
              "expr": "datum.group === parent.group && isDefined(datum.x)",
              "type": "filter",
            },
          ],
        },
      ],
      "encode": {
        "enter": {
          "height": {
            "signal": "height",
          },
          "width": {
            "signal": "plotWidth",
          },
          "xc": {
            "band": 0.5,
            "field": "group",
            "scale": "layout",
          },
        },
      },
      "from": {
        "facet": {
          "data": "density",
          "groupby": "group",
          "name": "violin",
        },
      },
      "marks": [
        {
          "encode": {
            "enter": {
              "fill": {
                "signal": "data('groupCfg')[0][parent.group].color",
              },
              "orient": {
                "value": "horizontal",
              },
            },
            "update": {
              "width": {
                "field": "density",
                "scale": "xdensity",
              },
              "xc": {
                "signal": "plotWidth / 2",
              },
              "y": {
                "field": "value",
                "scale": "yscale",
              },
            },
          },
          "from": {
            "data": "violin",
          },
          "orient": "horizontal",
          "type": "area",
        },
        {
          "encode": {
            "update": {
              "fill": {
                "value": "black",
              },
              "fillOpacity": {
                "value": 0.5,
              },
              "opacity": {
                "value": 1,
              },
              "shape": {
                "value": "circle",
              },
              "size": {
                "value": 5,
              },
              "strokeWidth": {
                "value": 0,
              },
              "x": {
                "field": "x",
                "offset": {
                  "signal": "plotWidth / 2",
                },
                "scale": "xrandom",
              },
              "y": {
                "field": "y",
                "scale": "yscale",
              },
            },
          },
          "from": {
            "data": "cellsInGroup",
          },
          "type": "symbol",
        },
      ],
      "type": "group",
    },
  ],
  "padding": 5,
  "scales": [
    {
      "domain": {
        "data": "cells",
        "field": "group",
      },
      "name": "layout",
      "range": "width",
      "type": "band",
    },
    {
      "domain": {
        "data": "cells",
        "field": "y",
      },
      "name": "yscale",
      "nice": true,
      "range": "height",
      "type": "linear",
    },
    {
      "domain": {
        "data": "density",
        "field": "density",
      },
      "name": "xdensity",
      "range": [
        0,
        {
          "signal": "plotWidth",
        },
      ],
      "type": "linear",
    },
    {
      "domain": [
        0,
        1,
      ],
      "name": "xrandom",
      "range": [
        {
          "signal": "-plotWidth / 2",
        },
        {
          "signal": "plotWidth / 2",
        },
      ],
      "type": "linear",
    },
    {
      "domain": [
        "8297d513-6268-4ab0-a03e-e74a23ecec07",
        "99a7746b-7f9d-4e54-8acf-53031e4ff023",
        "25ca1d7f-40ac-4bdc-9625-2272478e7db7",
        "b452c7ed-d907-4923-b7ff-fcafadc0b807",
      ],
      "name": "legend",
      "range": [
        "#3957ff",
        "#d3fe14",
        "#c9080a",
        "#fec7f8",
      ],
      "type": "ordinal",
    },
    {
      "domain": [
        "8297d513-6268-4ab0-a03e-e74a23ecec07",
        "99a7746b-7f9d-4e54-8acf-53031e4ff023",
        "25ca1d7f-40ac-4bdc-9625-2272478e7db7",
        "b452c7ed-d907-4923-b7ff-fcafadc0b807",
      ],
      "name": "sampleToName",
      "range": [
        "New Cluster",
        "New Cluster2",
        "New Cluster3",
        "New Cluster4",
      ],
      "type": "ordinal",
    },
  ],
  "signals": [
    {
      "name": "plotWidth",
      "value": 85,
    },
    {
      "name": "bandwidth",
      "value": 0.3,
    },
  ],
  "title": {
    "anchor": "start",
    "color": "#000000",
    "dx": 0,
    "font": "sans-serif",
    "fontSize": 20,
    "text": "",
  },
  "width": 700,
}
`;
